import scala.Int

object Main {
  def foo(a: Int) = a + 2.0f
}